ARM Linker, RVCT4.0 [Build 524] for uVision [Standard]

==============================================================================

Section Cross References

    main.o(.text) refers (Special) to _printf_hex_int.o(.text) for _printf_longlong_hex
    main.o(.text) refers (Special) to _printf_percent.o(.ARM.Collect$$_printf_percent$$00000000) for _printf_percent
    main.o(.text) refers (Special) to _printf_x.o(.ARM.Collect$$_printf_percent$$0000000C) for _printf_x
    main.o(.text) refers to uart0.o(.text) for uart0StrSend
    main.o(.text) refers to zy_if.o(.text) for zyIsrSet
    main.o(.text) refers to host.o(.text) for usbHostInitialize
    main.o(.text) refers to os_time.o(.text) for OSTimeDly
    main.o(.text) refers to noretval__2sprintf.o(.text) for __2sprintf
    main.o(.text) refers to fat.o(.text) for FAT_filesystem_initialiation
    main.o(.text) refers to os_task.o(.text) for OSTaskCreateExt
    main.o(.text) refers to target.o(.text) for targetInit
    main.o(.text) refers to lpc1700pincfg.o(.text) for pinInit
    main.o(.text) refers to os_core.o(.text) for OSInit
    main.o(.text) refers to main.o(.bss) for TASK1_STACK
    main.o(.bss) refers (Special) to _printf_hex_int.o(.text) for _printf_longlong_hex
    main.o(.bss) refers (Special) to _printf_percent.o(.ARM.Collect$$_printf_percent$$00000000) for _printf_percent
    main.o(.bss) refers (Special) to _printf_x.o(.ARM.Collect$$_printf_percent$$0000000C) for _printf_x
    main.o(.constdata) refers (Special) to _printf_hex_int.o(.text) for _printf_longlong_hex
    main.o(.constdata) refers (Special) to _printf_percent.o(.ARM.Collect$$_printf_percent$$00000000) for _printf_percent
    main.o(.constdata) refers (Special) to _printf_x.o(.ARM.Collect$$_printf_percent$$0000000C) for _printf_x
    target.o(.text) refers to zy_if.o(.text) for zyIrqDisable
    target.o(.text) refers to vector_table.o(.constdata) for __GpvVectorTable
    target.o(.text) refers to os_cpu_c.o(.emb_text) for svcallHandle
    vector_table.o(.constdata) refers to __main.o(!!!main) for __main
    vector_table.o(.constdata) refers to target.o(.text) for defaultVectorHandle
    vector_table.o(.constdata) refers to os_cpu_c.o(.emb_text) for svcallHandle
    vector_table.o(.constdata) refers to os_cpu_c.o(.text) for __sysTickIsr
    vector_table.o(.constdata) refers to host.o(.text) for usbHostException
    zy_if.o(.text) refers to os_cpu_c.o(.emb_text) for changeToUSRMode
    zy_if.o(.text) refers to h1_alloc.o(.text) for malloc
    zy_if.o(.text) refers to h1_free.o(.text) for free
    zy_if.o(.text) refers to os_core.o(.text) for OSSchedLock
    zy_if.o(.text) refers to os_task.o(.text) for OSTaskCreate
    zy_if.o(.text) refers to os_time.o(.text) for OSTimeDly
    zy_if.o(.text) refers to os_core.o(.bss) for OSTCBPrioTbl
    zy_if.o(.text) refers to os_core.o(.data) for OSTCBCur
    zy_if.o(.text) refers to os_sem.o(.text) for OSSemCreate
    zy_if.o(.text) refers to os_q.o(.text) for OSQCreate
    zy_if.o(.text) refers to os_mem.o(.text) for OSMemCreate
    zy_if.o(.text) refers to rt_memcpy_v6.o(.text) for __aeabi_memcpy
    rt_sys_s.o(rt_sys) refers (Special) to use_no_semi.o(.text) for __use_no_semihosting_swi
    rt_sys_s.o(rt_sys) refers to rt_sys_s.o(Heap) for bottom_of_heap
    rt_sys_s.o(Heap) refers (Special) to use_no_semi.o(.text) for __use_no_semihosting_swi
    rt_sys_c.o(.text) refers (Special) to use_no_semi.o(.text) for __use_no_semihosting_swi
    rt_sys_c.o(.text) refers to mktime.o(.text) for mktime
    os_mbox.o(.text) refers to os_core.o(.text) for OS_EventWaitListInit
    os_mbox.o(.text) refers to os_core.o(.data) for OSIntNesting
    os_mem.o(.text) refers to os_core.o(.data) for OSMemFreeList
    os_mem.o(.text) refers to os_core.o(.bss) for OSMemTbl
    os_mutex.o(.text) refers to os_core.o(.text) for OS_EventWaitListInit
    os_mutex.o(.text) refers to os_core.o(.data) for OSIntNesting
    os_mutex.o(.text) refers to os_core.o(.bss) for OSTCBPrioTbl
    os_mutex.o(.text) refers to os_core.o(.constdata) for OSMapTbl
    os_q.o(.text) refers to os_core.o(.text) for OS_EventWaitListInit
    os_q.o(.text) refers to os_core.o(.data) for OSIntNesting
    os_q.o(.text) refers to os_core.o(.bss) for OSQTbl
    os_sem.o(.text) refers to os_core.o(.text) for OS_EventWaitListInit
    os_sem.o(.text) refers to os_core.o(.data) for OSIntNesting
    os_task.o(.text) refers to os_core.o(.text) for OS_Sched
    os_task.o(.text) refers to os_cpu_c.o(.text) for OSTaskStkInit
    os_task.o(.text) refers to rt_memclr_w.o(.text) for __aeabi_memclr4
    os_task.o(.text) refers to os_flag.o(.text) for OS_FlagUnlink
    os_task.o(.text) refers to ostaskdelhook.o(.text) for OSTaskDelHook
    os_task.o(.text) refers to os_core.o(.bss) for OSTCBPrioTbl
    os_task.o(.text) refers to os_core.o(.constdata) for OSMapTbl
    os_task.o(.text) refers to os_core.o(.data) for OSTCBCur
    os_task.o(.text) refers to rt_memcpy_w.o(.text) for __aeabi_memcpy4
[...]
    ../../heap2.c                            0x00000000   Number         0  fdtree.o ABSOLUTE
    ../../heap2.c                            0x00000000   Number         0  heap2.o ABSOLUTE
    ../../heap2.c                            0x00000000   Number         0  heap2mt.o ABSOLUTE
    ../../heapalloc.c                        0x00000000   Number         0  hguard.o ABSOLUTE
    ../../heapalloc.c                        0x00000000   Number         0  hrguard.o ABSOLUTE
    ../../heapalloc.c                        0x00000000   Number         0  free.o ABSOLUTE
    ../../heapalloc.c                        0x00000000   Number         0  malloc.o ABSOLUTE
    ../../heapalloc.c                        0x00000000   Number         0  maybetermalloc1.o ABSOLUTE
    ../../heapalloc.c                        0x00000000   Number         0  maybetermalloc2.o ABSOLUTE
    ../../heapalloc.c                        0x00000000   Number         0  maybetermalloc2.o ABSOLUTE
    ../../heapalloc.c                        0x00000000   Number         0  heapstubs.o ABSOLUTE
    ../../heapalloc.c                        0x00000000   Number         0  term_alloc.o ABSOLUTE
    ../../heapalloc.c                        0x00000000   Number         0  maybetermalloc1.o ABSOLUTE
    ../../heapalloc.c                        0x00000000   Number         0  init_alloc.o ABSOLUTE
    ../../heapaux.c                          0x00000000   Number         0  heapauxa.o ABSOLUTE
    ../../heapaux.c                          0x00000000   Number         0  heapauxi.o ABSOLUTE
    ../../libinit.s                          0x00000000   Number         0  libinit2.o ABSOLUTE
    ../../libinit.s                          0x00000000   Number         0  libinit.o ABSOLUTE
    ../../libinit.s                          0x00000000   Number         0  libshutdown2.o ABSOLUTE
    ../../libinit.s                          0x00000000   Number         0  libshutdown.o ABSOLUTE
    ../../memcpset.s                         0x00000000   Number         0  rt_memcpy_v6.o ABSOLUTE
    ../../memcpset.s                         0x00000000   Number         0  rt_memcpy_w.o ABSOLUTE
    ../../memcpset.s                         0x00000000   Number         0  rt_memclr_w.o ABSOLUTE
    ../../misc.s                             0x00000000   Number         0  printf_stubs.o ABSOLUTE
    ../../printf.c                           0x00000000   Number         0  _printf_hex_ll_ptr.o ABSOLUTE
    ../../printf.c                           0x00000000   Number         0  _printf_hex_int_ll_ptr.o ABSOLUTE
    ../../printf.c                           0x00000000   Number         0  __printf_flags.o ABSOLUTE
    ../../printf.c                           0x00000000   Number         0  __printf_flags_ss_wp.o ABSOLUTE
    ../../printf.c                           0x00000000   Number         0  __printf_ss_wp.o ABSOLUTE
    ../../printf.c                           0x00000000   Number         0  __printf_flags_wp.o ABSOLUTE
    ../../printf.c                           0x00000000   Number         0  __printf_ss.o ABSOLUTE
    ../../printf.c                           0x00000000   Number         0  __printf_flags_ss.o ABSOLUTE
    ../../printf.c                           0x00000000   Number         0  _printf_hex_int.o ABSOLUTE
    ../../printf.c                           0x00000000   Number         0  __printf_nopercent.o ABSOLUTE
    ../../printf.c                           0x00000000   Number         0  _sputc.o ABSOLUTE
    ../../printf.c                           0x00000000   Number         0  _printf_char_common.o ABSOLUTE
    ../../printf.c                           0x00000000   Number         0  _printf_intcommon.o ABSOLUTE
    ../../printf.c                           0x00000000   Number         0  __printf_wp.o ABSOLUTE
    ../../printf.c                           0x00000000   Number         0  _printf_hex_int_ll.o ABSOLUTE
    ../../printf.c                           0x00000000   Number         0  _printf_hex_ptr.o ABSOLUTE
    ../../printf.c                           0x00000000   Number         0  __2sprintf.o ABSOLUTE
    ../../printf.c                           0x00000000   Number         0  noretval__2sprintf.o ABSOLUTE
    ../../printf.c                           0x00000000   Number         0  _printf_hex_int_ptr.o ABSOLUTE
    ../../printf.c                           0x00000000   Number         0  __printf.o ABSOLUTE
    ../../printf.c                           0x00000000   Number         0  _printf_hex_ll.o ABSOLUTE
    ../../printf_percent.s                   0x00000000   Number         0  _printf_percent_end.o ABSOLUTE
    ../../printf_percent.s                   0x00000000   Number         0  _printf_percent.o ABSOLUTE
    ../../printf_percent.s                   0x00000000   Number         0  _printf_x.o ABSOLUTE
    ../../signal.c                           0x00000000   Number         0  defsig_fpe_inner.o ABSOLUTE
    ../../signal.c                           0x00000000   Number         0  defsig_rtred_inner.o ABSOLUTE
    ../../signal.c                           0x00000000   Number         0  __raise.o ABSOLUTE
    ../../signal.c                           0x00000000   Number         0  defsig_abrt_inner.o ABSOLUTE
    ../../signal.c                           0x00000000   Number         0  defsig_stak_inner.o ABSOLUTE
    ../../signal.c                           0x00000000   Number         0  defsig_pvfn_inner.o ABSOLUTE
    ../../signal.c                           0x00000000   Number         0  defsig_cppl_inner.o ABSOLUTE
    ../../signal.c                           0x00000000   Number         0  defsig_segv_inner.o ABSOLUTE
    ../../signal.c                           0x00000000   Number         0  defsig_other.o ABSOLUTE
    ../../signal.c                           0x00000000   Number         0  defsig_rtmem_inner.o ABSOLUTE
    ../../signal.c                           0x00000000   Number         0  defsig_exit.o ABSOLUTE
    ../../signal.c                           0x00000000   Number         0  defsig_rtmem_outer.o ABSOLUTE
    ../../signal.c                           0x00000000   Number         0  defsig_rtmem_formal.o ABSOLUTE
    ../../signal.c                           0x00000000   Number         0  defsig_general.o ABSOLUTE
    ../../signal.s                           0x00000000   Number         0  defsig.o ABSOLUTE
    ../../stdlib.c                           0x00000000   Number         0  exit.o ABSOLUTE
    ../../time.c                             0x00000000   Number         0  _monlen.o ABSOLUTE
    ../../time.c                             0x00000000   Number         0  mktime.o ABSOLUTE
    Fat\fat.c                                0x00000000   Number         0  fat.o ABSOLUTE
    Fat\time.c                               0x00000000   Number         0  time.o ABSOLUTE
    USER_CODE\main.c                         0x00000000   Number         0  main.o ABSOLUTE
    ZLG.USBHOST\HOST.c                       0x00000000   Number         0  host.o ABSOLUTE
    ZY_CODE\Startup\LPC1700PinCfg.c          0x00000000   Number         0  lpc1700pincfg.o ABSOLUTE
    ZY_CODE\Startup\target.c                 0x00000000   Number         0  target.o ABSOLUTE
    ZY_CODE\Startup\vector_table.c           0x00000000   Number         0  vector_table.o ABSOLUTE
    ZY_CODE\\uCOS-II\\cpu\\Os_cpu_c.c        0x00000000   Number         0  os_cpu_c.o ABSOLUTE
    ZY_CODE\uCOS-II\OS_CORE.C                0x00000000   Number         0  os_core.o ABSOLUTE
    ZY_CODE\uCOS-II\OS_FLAG.C                0x00000000   Number         0  os_flag.o ABSOLUTE
    ZY_CODE\uCOS-II\OS_MBOX.C                0x00000000   Number         0  os_mbox.o ABSOLUTE
    ZY_CODE\uCOS-II\OS_MEM.C                 0x00000000   Number         0  os_mem.o ABSOLUTE
    ZY_CODE\uCOS-II\OS_MUTEX.C               0x00000000   Number         0  os_mutex.o ABSOLUTE
    ZY_CODE\uCOS-II\OS_Q.C                   0x00000000   Number         0  os_q.o ABSOLUTE
    ZY_CODE\uCOS-II\OS_SEM.C                 0x00000000   Number         0  os_sem.o ABSOLUTE
    ZY_CODE\uCOS-II\OS_TASK.C                0x00000000   Number         0  os_task.o ABSOLUTE
    ZY_CODE\uCOS-II\OS_TIME.C                0x00000000   Number         0  os_time.o ABSOLUTE
    ZY_CODE\uCOS-II\cpu\Os_cpu_c.c           0x00000000   Number         0  os_cpu_c.o ABSOLUTE
    ZY_CODE\uCOS-II\hook\OSInitHookBegin.c   0x00000000   Number         0  osinithookbegin.o ABSOLUTE
    ZY_CODE\uCOS-II\hook\OSInitHookEnd.c     0x00000000   Number         0  osinithookend.o ABSOLUTE
    ZY_CODE\uCOS-II\hook\OSTCBInitHook.c     0x00000000   Number         0  ostcbinithook.o ABSOLUTE
    ZY_CODE\uCOS-II\hook\OSTaskCreateHook.c  0x00000000   Number         0  ostaskcreatehook.o ABSOLUTE
    ZY_CODE\uCOS-II\hook\OSTaskDelHook.c     0x00000000   Number         0  ostaskdelhook.o ABSOLUTE
    ZY_CODE\uCOS-II\hook\OSTaskIdleHook.c    0x00000000   Number         0  ostaskidlehook.o ABSOLUTE
    ZY_CODE\uCOS-II\hook\OSTaskStatHook.c    0x00000000   Number         0  ostaskstathook.o ABSOLUTE
    ZY_CODE\uCOS-II\hook\OSTaskSwHook.c      0x00000000   Number         0  ostaskswhook.o ABSOLUTE
    ZY_CODE\uCOS-II\hook\OSTimeTickHook.c    0x00000000   Number         0  ostimetickhook.o ABSOLUTE
    ZY_CODE\zy_if\zy_if.c                    0x00000000   Number         0  zy_if.o ABSOLUTE
    cfg_file\Startup\rt_sys_c.c              0x00000000   Number         0  rt_sys_c.o ABSOLUTE
    cfg_file\Startup\rt_sys_s.s              0x00000000   Number         0  rt_sys_s.o ABSOLUTE
    dc.s                                     0x00000000   Number         0  dc.o ABSOLUTE
    uart0\uart0.c                            0x00000000   Number         0  uart0.o ABSOLUTE
    !!!main                                  0x000000cc   Section        8  __main.o(!!!main)
    !!!scatter                               0x000000d4   Section       52  __scatter.o(!!!scatter)
    !!handler_copy                           0x00000108   Section       26  __scatter_copy.o(!!handler_copy)
    !!handler_zi                             0x00000124   Section       28  __scatter_zi.o(!!handler_zi)
    .ARM.Collect$$_printf_percent$$00000000  0x00000140   Section        0  _printf_percent.o(.ARM.Collect$$_printf_percent$$00000000)
    .ARM.Collect$$_printf_percent$$0000000C  0x00000140   Section        6  _printf_x.o(.ARM.Collect$$_printf_percent$$0000000C)
    .ARM.Collect$$_printf_percent$$00000017  0x00000146   Section        4  _printf_percent_end.o(.ARM.Collect$$_printf_percent$$00000017)
    .ARM.Collect$$libinit$$00000000          0x0000014a   Section        6  libinit.o(.ARM.Collect$$libinit$$00000000)
    .ARM.Collect$$libinit$$00000001          0x00000150   Section        8  libinit2.o(.ARM.Collect$$libinit$$00000001)
    .ARM.Collect$$libinit$$00000006          0x00000158   Section        0  libinit2.o(.ARM.Collect$$libinit$$00000006)
    .ARM.Collect$$libinit$$00000008          0x00000158   Section        0  libinit2.o(.ARM.Collect$$libinit$$00000008)
    .ARM.Collect$$libinit$$0000000A          0x00000158   Section        0  libinit2.o(.ARM.Collect$$libinit$$0000000A)
    .ARM.Collect$$libinit$$0000000D          0x00000158   Section        0  libinit2.o(.ARM.Collect$$libinit$$0000000D)
    .ARM.Collect$$libinit$$0000000F          0x00000158   Section        0  libinit2.o(.ARM.Collect$$libinit$$0000000F)
    .ARM.Collect$$libinit$$00000011          0x00000158   Section        0  libinit2.o(.ARM.Collect$$libinit$$00000011)
    .ARM.Collect$$libinit$$00000013          0x00000158   Section        0  libinit2.o(.ARM.Collect$$libinit$$00000013)
    .ARM.Collect$$libinit$$00000015          0x00000158   Section        0  libinit2.o(.ARM.Collect$$libinit$$00000015)
    .ARM.Collect$$libinit$$00000017          0x00000158   Section        0  libinit2.o(.ARM.Collect$$libinit$$00000017)
    .ARM.Collect$$libinit$$00000019          0x00000158   Section        0  libinit2.o(.ARM.Collect$$libinit$$00000019)
    .ARM.Collect$$libinit$$0000001B          0x00000158   Section        0  libinit2.o(.ARM.Collect$$libinit$$0000001B)
    .ARM.Collect$$libinit$$0000001D          0x00000158   Section        0  libinit2.o(.ARM.Collect$$libinit$$0000001D)
    .ARM.Collect$$libinit$$0000001F          0x00000158   Section        0  libinit2.o(.ARM.Collect$$libinit$$0000001F)
    .ARM.Collect$$libinit$$00000021          0x00000158   Section        0  libinit2.o(.ARM.Collect$$libinit$$00000021)
    .ARM.Collect$$libinit$$00000028          0x00000158   Section        0  libinit2.o(.ARM.Collect$$libinit$$00000028)
    .ARM.Collect$$libinit$$0000002A          0x00000158   Section        0  libinit2.o(.ARM.Collect$$libinit$$0000002A)
    .ARM.Collect$$libinit$$0000002C          0x00000158   Section        0  libinit2.o(.ARM.Collect$$libinit$$0000002C)
    .ARM.Collect$$libinit$$0000002E          0x00000158   Section        0  libinit2.o(.ARM.Collect$$libinit$$0000002E)
    .ARM.Collect$$libinit$$0000002F          0x00000158   Section        2  libinit2.o(.ARM.Collect$$libinit$$0000002F)
    .ARM.Collect$$libshutdown$$00000000      0x0000015a   Section        2  libshutdown.o(.ARM.Collect$$libshutdown$$00000000)
    .ARM.Collect$$libshutdown$$00000003      0x0000015c   Section        0  libshutdown2.o(.ARM.Collect$$libshutdown$$00000003)
    .ARM.Collect$$libshutdown$$00000006      0x0000015c   Section        0  libshutdown2.o(.ARM.Collect$$libshutdown$$00000006)
    .ARM.Collect$$libshutdown$$00000009      0x0000015c   Section        0  libshutdown2.o(.ARM.Collect$$libshutdown$$00000009)
    .ARM.Collect$$libshutdown$$0000000B      0x0000015c   Section        0  libshutdown2.o(.ARM.Collect$$libshutdown$$0000000B)
    .ARM.Collect$$libshutdown$$0000000E      0x0000015c   Section        0  libshutdown2.o(.ARM.Collect$$libshutdown$$0000000E)
    .ARM.Collect$$libshutdown$$0000000F      0x0000015c   Section        2  libshutdown2.o(.ARM.Collect$$libshutdown$$0000000F)
    .ARM.Collect$$rtentry$$00000000          0x0000015e   Section        0  rtentry.o(.ARM.Collect$$rtentry$$00000000)
    .ARM.Collect$$rtentry$$00000002          0x0000015e   Section        0  rtentry2.o(.ARM.Collect$$rtentry$$00000002)
    .ARM.Collect$$rtentry$$00000004          0x0000015e   Section        6  rtentry4.o(.ARM.Collect$$rtentry$$00000004)
    .ARM.Collect$$rtentry$$00000009          0x00000164   Section        0  rtentry2.o(.ARM.Collect$$rtentry$$00000009)
    .ARM.Collect$$rtentry$$0000000A          0x00000164   Section        4  rtentry2.o(.ARM.Collect$$rtentry$$0000000A)
    .ARM.Collect$$rtentry$$0000000C          0x00000168   Section        0  rtentry2.o(.ARM.Collect$$rtentry$$0000000C)
    .ARM.Collect$$rtentry$$0000000D          0x00000168   Section        8  rtentry2.o(.ARM.Collect$$rtentry$$0000000D)
    .ARM.Collect$$rtexit$$00000000           0x00000170   Section        0  rtexit.o(.ARM.Collect$$rtexit$$00000000)
    .ARM.Collect$$rtexit$$00000002           0x00000170   Section        0  rtexit2.o(.ARM.Collect$$rtexit$$00000002)
    .ARM.Collect$$rtexit$$00000003           0x00000170   Section        4  rtexit2.o(.ARM.Collect$$rtexit$$00000003)
    .ARM.Collect$$rtexit$$00000004           0x00000174   Section        4  rtexit2.o(.ARM.Collect$$rtexit$$00000004)
    .emb_text                                0x00000178   Section      298  os_cpu_c.o(.emb_text)
    .emb_text                                0x000002a4   Section        0  maybetermalloc1.o(.emb_text)
    .text                                    0x000002a4   Section     1020  main.o(.text)
    .text                                    0x000006a0   Section       84  lpc1700pincfg.o(.text)
    .text                                    0x000006f4   Section      392  target.o(.text)
    .text                                    0x0000087c   Section     1790  zy_if.o(.text)
    .text                                    0x00000f7a   Section      134  rt_sys_c.o(.text)
    .text                                    0x00001000   Section      768  os_mbox.o(.text)
    .text                                    0x00001300   Section      396  os_mem.o(.text)
    .text                                    0x0000148c   Section     1264  os_q.o(.text)
    .text                                    0x0000197c   Section      648  os_sem.o(.text)
    .text                                    0x00001c04   Section     1536  os_task.o(.text)
    .text                                    0x00002204   Section      400  os_time.o(.text)
    .text                                    0x00002394   Section     1880  os_core.o(.text)
    OS_InitTaskStat                          0x0000240d   Thumb Code    48  os_core.o(.text)
    OS_InitTaskIdle                          0x0000245b   Thumb Code    48  os_core.o(.text)
    OS_InitEventList                         0x0000248b   Thumb Code    44  os_core.o(.text)
    OS_InitTCBList                           0x000024b7   Thumb Code    64  os_core.o(.text)
    OS_InitRdyList                           0x000024f7   Thumb Code    46  os_core.o(.text)
    OS_InitMisc                              0x00002525   Thumb Code    44  os_core.o(.text)
    .text                                    0x00002aec   Section     1676  os_flag.o(.text)
    OS_FlagTaskRdy                           0x00002c63   Thumb Code    78  os_flag.o(.text)
    OS_FlagBlock                             0x00002d65   Thumb Code   124  os_flag.o(.text)
    .text                                    0x00003178   Section      244  os_cpu_c.o(.text)
    .text                                    0x0000326c   Section    12264  host.o(.text)
    __usbHostPinInit                         0x00004bf1   Thumb Code    56  host.o(.text)
    __usbPllConfig                           0x00004c29   Thumb Code   214  host.o(.text)
    .text                                    0x00006254   Section      100  uart0.o(.text)
    .text                                    0x000062b8   Section    23720  fat.o(.text)
    UPCASE                                   0x000062ed   Thumb Code    32  fat.o(.text)
    LengthofString                           0x0000630d   Thumb Code    18  fat.o(.text)
    concanenateString                        0x0000631f   Thumb Code    44  fat.o(.text)
    stringcpy                                0x0000634b   Thumb Code    22  fat.o(.text)
    stringcmp                                0x00006361   Thumb Code    64  fat.o(.text)
    Get_Next_Cluster_From_Current_Cluster    0x0000658b   Thumb Code   220  fat.o(.text)
    Get_Previous_Cluster_From_Current_Cluster 0x00006667   Thumb Code   226  fat.o(.text)
    FreeClusterChain                         0x00006749   Thumb Code   662  fat.o(.text)
    FirstSectorofCluster                     0x000069df   Thumb Code    50  fat.o(.text)
    BPB_INIT_2                               0x00007237   Thumb Code   780  fat.o(.text)
    Read_partition_PBP                       0x00007543   Thumb Code   564  fat.o(.text)
    SplitNameFromPath                        0x00007777   Thumb Code   200  fat.o(.text)
    CORE_offset_add_32                       0x0000783f   Thumb Code  1072  fat.o(.text)
    GetEntryWith8_3Name                      0x00007c6f   Thumb Code   360  fat.o(.text)
    GetEntryWithLongFileName                 0x00007dfd   Thumb Code   986  fat.o(.text)
    GetEntryFromDirectory                    0x000081d7   Thumb Code  1064  fat.o(.text)
    FindEntryStruct                          0x000085ff   Thumb Code   108  fat.o(.text)
    RelativePathToSectorCluster              0x0000866b   Thumb Code   372  fat.o(.text)
    FullPathToSectorCluster                  0x000087df   Thumb Code   938  fat.o(.text)
    CORE_offset_add_32_With_EMPTY_CLUSTER_ALLOCATION 0x000095db   Thumb Code   972  fat.o(.text)
    calculate_checksum_longfilenameentry     0x000099a7   Thumb Code    32  fat.o(.text)
    Seek_Space_to_Write_Directory_Entry      0x000099c7   Thumb Code   612  fat.o(.text)
    Fill_LFN_Directory_Entry                 0x00009c77   Thumb Code   566  fat.o(.text)
    Fill_SFN_Directory_Entry                 0x00009ead   Thumb Code   144  fat.o(.text)
    LFN_convert_to_SFN                       0x00009f3d   Thumb Code   140  fat.o(.text)
    Write_LongFileName_Entry                 0x0000a00d   Thumb Code   524  fat.o(.text)
    Add_A_Directory_Entry_                   0x0000a219   Thumb Code   696  fat.o(.text)
    Remove_LONGFILENAME                      0x0000b08d   Thumb Code   368  fat.o(.text)
    cd__folder_for_disk_enum                 0x0000b549   Thumb Code   280  fat.o(.text)
    cd__                                     0x0000b661   Thumb Code   186  fat.o(.text)
    .text                                    0x0000bf60   Section       46  time.o(.text)
    .text                                    0x0000bf8e   Section        2  osinithookbegin.o(.text)
    .text                                    0x0000bf90   Section        2  osinithookend.o(.text)
    .text                                    0x0000bf92   Section        4  ostaskcreatehook.o(.text)
    .text                                    0x0000bf96   Section        4  ostaskdelhook.o(.text)
    .text                                    0x0000bf9a   Section        2  ostaskidlehook.o(.text)
    .text                                    0x0000bf9c   Section        2  ostaskstathook.o(.text)
    .text                                    0x0000bf9e   Section        2  ostaskswhook.o(.text)
    .text                                    0x0000bfa0   Section        4  ostcbinithook.o(.text)
    .text                                    0x0000bfa4   Section        2  ostimetickhook.o(.text)
    .text                                    0x0000bfa6   Section        2  use_no_semi.o(.text)
    .text                                    0x0000bfa8   Section       98  h1_alloc.o(.text)
    .text                                    0x0000c00a   Section       78  h1_free.o(.text)
    .text                                    0x0000c058   Section       40  noretval__2sprintf.o(.text)
    .text                                    0x0000c080   Section       92  _printf_hex_int.o(.text)
    .text                                    0x0000c0dc   Section      152  __printf_flags.o(.text)
    .text                                    0x0000c174   Section      140  rt_memcpy_v6.o(.text)
    .text                                    0x0000c200   Section      100  rt_memcpy_w.o(.text)
    .text                                    0x0000c264   Section       78  rt_memclr_w.o(.text)
    .text                                    0x0000c2b4   Section      416  mktime.o(.text)
    _tm_carry                                0x0000c2b5   Thumb Code    54  mktime.o(.text)
    .text                                    0x0000c454   Section       12  rt_heap_descriptor_intlibspace.o(.text)
    .text                                    0x0000c460   Section        4  hguard.o(.text)
    .text                                    0x0000c464   Section      138  init_alloc.o(.text)
    .text                                    0x0000c4ee   Section       14  h1_init.o(.text)
    .text                                    0x0000c4fc   Section      174  _printf_intcommon.o(.text)
    .text                                    0x0000c5ac   Section       48  _printf_char_common.o(.text)
    _printf_input_char                       0x0000c5ad   Thumb Code    10  _printf_char_common.o(.text)
    .text                                    0x0000c5dc   Section       10  _sputc.o(.text)
    .text                                    0x0000c5e8   Section        8  libspace.o(.text)
    .text                                    0x0000c5f0   Section       52  h1_extend.o(.text)
    .text                                    0x0000c624   Section       14  defsig_rtmem_outer.o(.text)
    .text                                    0x0000c634   Section       76  heapauxa.o(.text)
    .text                                    0x0000c680   Section       74  sys_stackheap_outer.o(.text)
    .text                                    0x0000c6ca   Section       12  exit.o(.text)
    .text                                    0x0000c6d6   Section       10  defsig_exit.o(.text)
    .text                                    0x0000c6e0   Section       76  defsig_rtmem_inner.o(.text)
    .text                                    0x0000c72c   Section       50  defsig_general.o(.text)
    rt_sys                                   0x0000c760   Section        8  rt_sys_s.o(rt_sys)
    .constdata                               0x0000c768   Section      264  os_core.o(.constdata)
    .constdata                               0x0000c870   Section       32  fat.o(.constdata)
    .constdata                               0x0000c890   Section       40  _printf_hex_int.o(.constdata)
    uc_hextab                                0x0000c890   Data          20  _printf_hex_int.o(.constdata)
    lc_hextab                                0x0000c8a4   Data          20  _printf_hex_int.o(.constdata)
    .constdata                               0x0000c8b8   Section       17  __printf_flags.o(.constdata)
    maptable                                 0x0000c8b8   Data          17  __printf_flags.o(.constdata)
    .constdata                               0x0000c8c9   Section       12  _monlen.o(.constdata)
    .data                                    0x10000000   Section       76  os_core.o(.data)
    .data                                    0x1000004c   Section        4  os_cpu_c.o(.data)
    .data                                    0x10000050   Section       72  host.o(.data)
    __GucMsCmdCnt                            0x1000005c   Data           1  host.o(.data)
    __GbHostMsExitReq                        0x1000005d   Data           1  host.o(.data)
    __GpucCtrlBufCurrPos                     0x10000070   Data           4  host.o(.data)
    __GpucGenBufCurrPos                      0x10000074   Data           4  host.o(.data)
    .data                                    0x10000098   Section        6  fat.o(.data)
    .data                                    0x100000a0   Section        4  heapauxa.o(.data)
    __rt_heap_escrow_base                    0x100000a0   Data           4  heapauxa.o(.data)
    .bss                                     0x100000a4   Section     6144  main.o(.bss)
    .bss                                     0x100018a4   Section     5304  os_core.o(.bss)
    .bss                                     0x10002e00   Section     8916  host.o(.bss)
    .bss                                     0x100050d4   Section     2576  fat.o(.bss)
    CORE                                     0x100050d4   Data        1296  fat.o(.bss)
    BPB                                      0x100055e4   Data         160  fat.o(.bss)
    .bss                                     0x10005ae4   Section       96  libspace.o(.bss)
    Heap                                     0x10005b44   Section        0  rt_sys_s.o(Heap)
    bottom_of_heap                           0x10005b44   Data           0  rt_sys_s.o(Heap)

    Global Symbols

    Symbol Name                              Value     Ov Type        Size  Object(Section)

    BuildAttributes$$THM_ISAv4$P$D$K$B$S$PE$A:L22UL41UL21$X:L11$S22US41US21$IEEE1$IW$USESV6$~STKCKD$USESV7$~SHL$OTIME$ROPI$EBA8$UX$STANDARDLIB$REQ8$PRES8$EABIv2 0x00000000   Number         0  anon$$obj.o ABSOLUTE
    __ARM_use_no_argv                        0x00000000   Number         0  main.o ABSOLUTE
    __GpvVectorTable                         0x00000000   Data         204  vector_table.o(.constdata)
    _printf_flags                            0x00000000   Number         0  printf_stubs.o ABSOLUTE
    _printf_return_value                     0x00000000   Number         0  printf_stubs.o ABSOLUTE
    _printf_sizespec                         0x00000000   Number         0  printf_stubs.o ABSOLUTE
    _printf_widthprec                        0x00000000   Number         0  printf_stubs.o ABSOLUTE
    __ARM_exceptions_init                     - Undefined Weak Reference
    __alloca_initialize                       - Undefined Weak Reference
    __cpp_initialize__aeabi_                  - Undefined Weak Reference
    __cxa_finalize                            - Undefined Weak Reference
    __rt_locale                               - Undefined Weak Reference
    __sigvec_lookup                           - Undefined Weak Reference
    __user_heap_extent                        - Undefined Weak Reference
    _atexit_init                              - Undefined Weak Reference
    _call_atexit_fns                          - Undefined Weak Reference
    _clock_init                               - Undefined Weak Reference
    _fp_trap_init                             - Undefined Weak Reference
    _fp_trap_shutdown                         - Undefined Weak Reference
    _get_lc_collate                           - Undefined Weak Reference
    _get_lc_ctype                             - Undefined Weak Reference
    _get_lc_monetary                          - Undefined Weak Reference
    _get_lc_numeric                           - Undefined Weak Reference
    _get_lc_time                              - Undefined Weak Reference
    _getenv_init                              - Undefined Weak Reference
    _handle_redirection                       - Undefined Weak Reference
    _initio                                   - Undefined Weak Reference
    _mutex_acquire                            - Undefined Weak Reference
    _mutex_free                               - Undefined Weak Reference
    _mutex_release                            - Undefined Weak Reference
    _printf_post_padding                      - Undefined Weak Reference
    _printf_pre_padding                       - Undefined Weak Reference
    _printf_truncate_unsigned                 - Undefined Weak Reference
    _rand_init                                - Undefined Weak Reference
    _signal_finish                            - Undefined Weak Reference
    _signal_init                              - Undefined Weak Reference
    _terminateio                              - Undefined Weak Reference
    __main                                   0x000000cd   Thumb Code     8  __main.o(!!!main)
    __scatterload                            0x000000d5   Thumb Code     0  __scatter.o(!!!scatter)
    __scatterload_rt2                        0x000000d5   Thumb Code    44  __scatter.o(!!!scatter)
    __scatterload_rt2_thumb_only             0x000000d5   Thumb Code     0  __scatter.o(!!!scatter)
    __scatterload_null                       0x000000e3   Thumb Code     0  __scatter.o(!!!scatter)
    __scatterload_copy                       0x00000109   Thumb Code    26  __scatter_copy.o(!!handler_copy)
    __scatterload_zeroinit                   0x00000125   Thumb Code    28  __scatter_zi.o(!!handler_zi)
    _printf_percent                          0x00000141   Thumb Code     0  _printf_percent.o(.ARM.Collect$$_printf_percent$$00000000)
    _printf_x                                0x00000141   Thumb Code     0  _printf_x.o(.ARM.Collect$$_printf_percent$$0000000C)
    _printf_percent_end                      0x00000147   Thumb Code     0  _printf_percent_end.o(.ARM.Collect$$_printf_percent$$00000017)
    __rt_lib_init                            0x0000014b   Thumb Code     0  libinit.o(.ARM.Collect$$libinit$$00000000)
    __rt_lib_init_heap_2                     0x00000151   Thumb Code     0  libinit2.o(.ARM.Collect$$libinit$$00000001)
    __rt_lib_init_alloca_1                   0x00000159   Thumb Code     0  libinit2.o(.ARM.Collect$$libinit$$0000002A)
    __rt_lib_init_argv_1                     0x00000159   Thumb Code     0  libinit2.o(.ARM.Collect$$libinit$$00000028)
    __rt_lib_init_atexit_1                   0x00000159   Thumb Code     0  libinit2.o(.ARM.Collect$$libinit$$00000017)
    __rt_lib_init_clock_1                    0x00000159   Thumb Code     0  libinit2.o(.ARM.Collect$$libinit$$0000001D)
    __rt_lib_init_cpp_1                      0x00000159   Thumb Code     0  libinit2.o(.ARM.Collect$$libinit$$0000002E)
    __rt_lib_init_exceptions_1               0x00000159   Thumb Code     0  libinit2.o(.ARM.Collect$$libinit$$0000002C)
    __rt_lib_init_fp_trap_1                  0x00000159   Thumb Code     0  libinit2.o(.ARM.Collect$$libinit$$0000001B)
    __rt_lib_init_getenv_1                   0x00000159   Thumb Code     0  libinit2.o(.ARM.Collect$$libinit$$0000001F)
    __rt_lib_init_heap_1                     0x00000159   Thumb Code     0  libinit2.o(.ARM.Collect$$libinit$$00000006)
    __rt_lib_init_lc_collate_1               0x00000159   Thumb Code     0  libinit2.o(.ARM.Collect$$libinit$$0000000D)
    __rt_lib_init_lc_ctype_1                 0x00000159   Thumb Code     0  libinit2.o(.ARM.Collect$$libinit$$0000000F)
    __rt_lib_init_lc_monetary_1              0x00000159   Thumb Code     0  libinit2.o(.ARM.Collect$$libinit$$00000011)
    __rt_lib_init_lc_numeric_1               0x00000159   Thumb Code     0  libinit2.o(.ARM.Collect$$libinit$$00000013)
    __rt_lib_init_lc_time_1                  0x00000159   Thumb Code     0  libinit2.o(.ARM.Collect$$libinit$$00000015)
    __rt_lib_init_rand_1                     0x00000159   Thumb Code     0  libinit2.o(.ARM.Collect$$libinit$$0000000A)
    __rt_lib_init_return                     0x00000159   Thumb Code     0  libinit2.o(.ARM.Collect$$libinit$$0000002F)
    __rt_lib_init_signal_1                   0x00000159   Thumb Code     0  libinit2.o(.ARM.Collect$$libinit$$00000019)
    __rt_lib_init_stdio_1                    0x00000159   Thumb Code     0  libinit2.o(.ARM.Collect$$libinit$$00000021)
    __rt_lib_init_user_alloc_1               0x00000159   Thumb Code     0  libinit2.o(.ARM.Collect$$libinit$$00000008)
    __rt_lib_shutdown                        0x0000015b   Thumb Code     0  libshutdown.o(.ARM.Collect$$libshutdown$$00000000)
    __rt_lib_shutdown_fp_trap_1              0x0000015d   Thumb Code     0  libshutdown2.o(.ARM.Collect$$libshutdown$$00000006)
    __rt_lib_shutdown_heap_1                 0x0000015d   Thumb Code     0  libshutdown2.o(.ARM.Collect$$libshutdown$$0000000E)
    __rt_lib_shutdown_return                 0x0000015d   Thumb Code     0  libshutdown2.o(.ARM.Collect$$libshutdown$$0000000F)
    __rt_lib_shutdown_signal_1               0x0000015d   Thumb Code     0  libshutdown2.o(.ARM.Collect$$libshutdown$$00000009)
    __rt_lib_shutdown_stdio_1                0x0000015d   Thumb Code     0  libshutdown2.o(.ARM.Collect$$libshutdown$$00000003)
    __rt_lib_shutdown_user_alloc_1           0x0000015d   Thumb Code     0  libshutdown2.o(.ARM.Collect$$libshutdown$$0000000B)
    __rt_entry                               0x0000015f   Thumb Code     0  rtentry.o(.ARM.Collect$$rtentry$$00000000)
    __rt_entry_presh_1                       0x0000015f   Thumb Code     0  rtentry2.o(.ARM.Collect$$rtentry$$00000002)
    __rt_entry_sh                            0x0000015f   Thumb Code     0  rtentry4.o(.ARM.Collect$$rtentry$$00000004)
    __rt_entry_li                            0x00000165   Thumb Code     0  rtentry2.o(.ARM.Collect$$rtentry$$0000000A)
    __rt_entry_postsh_1                      0x00000165   Thumb Code     0  rtentry2.o(.ARM.Collect$$rtentry$$00000009)
    __rt_entry_main                          0x00000169   Thumb Code     0  rtentry2.o(.ARM.Collect$$rtentry$$0000000D)
    __rt_entry_postli_1                      0x00000169   Thumb Code     0  rtentry2.o(.ARM.Collect$$rtentry$$0000000C)
    __rt_exit                                0x00000171   Thumb Code     0  rtexit.o(.ARM.Collect$$rtexit$$00000000)
    __rt_exit_ls                             0x00000171   Thumb Code     0  rtexit2.o(.ARM.Collect$$rtexit$$00000003)
    __rt_exit_prels_1                        0x00000171   Thumb Code     0  rtexit2.o(.ARM.Collect$$rtexit$$00000002)
    __rt_exit_exit                           0x00000175   Thumb Code     0  rtexit2.o(.ARM.Collect$$rtexit$$00000004)
    svcallHandle                             0x00000179   Thumb Code    36  os_cpu_c.o(.emb_text)
    __OSStartHighRdy                         0x0000019d   Thumb Code    10  os_cpu_c.o(.emb_text)
    __s_OSStartHighRdy                       0x000001a7   Thumb Code    42  os_cpu_c.o(.emb_text)
    __s_OSCtxSw                              0x000001e1   Thumb Code    80  os_cpu_c.o(.emb_text)
    __s_OS_ENTER_CRITICAL                    0x00000245   Thumb Code    28  os_cpu_c.o(.emb_text)
    __s_OS_EXIT_CRITICAL                     0x00000265   Thumb Code    28  os_cpu_c.o(.emb_text)
    __s_changeToSYSMode                      0x00000285   Thumb Code    10  os_cpu_c.o(.emb_text)
    changeToUSRMode                          0x0000028f   Thumb Code    10  os_cpu_c.o(.emb_text)
    taskEntry                                0x00000299   Thumb Code    10  os_cpu_c.o(.emb_text)
    EnumSucessCallBack                       0x000002a5   Thumb Code    10  main.o(.text)
    _maybe_terminate_alloc                   0x000002a5   Thumb Code     0  maybetermalloc1.o(.emb_text)
    DevDisconCallBack                        0x000002af   Thumb Code    10  main.o(.text)
    usbHostTestInit                          0x000002b9   Thumb Code    58  main.o(.text)
    usbHostTest                              0x000002f3   Thumb Code   322  main.o(.text)
    TASK1                                    0x00000435   Thumb Code    26  main.o(.text)
    TASK0                                    0x0000044f   Thumb Code   150  main.o(.text)
    main                                     0x000004e5   Thumb Code    62  main.o(.text)
    pinInit                                  0x000006a1   Thumb Code    54  lpc1700pincfg.o(.text)
    pconpInit                                0x000006d7   Thumb Code     8  lpc1700pincfg.o(.text)
    defaultVectorHandle                      0x000006f5   Thumb Code     4  target.o(.text)
    targetInit                               0x000006f9   Thumb Code   362  target.o(.text)
    zyIfInit                                 0x0000087d   Thumb Code     4  zy_if.o(.text)
    zyReset                                  0x00000881   Thumb Code    50  zy_if.o(.text)
    zyIrqDisable                             0x000008b3   Thumb Code     8  zy_if.o(.text)
    zyIrqEnable                              0x000008bb   Thumb Code     8  zy_if.o(.text)
    zyIsrSet                                 0x000008c3   Thumb Code   180  zy_if.o(.text)
    __s_zyIsrClr                             0x00000977   Thumb Code   178  zy_if.o(.text)
    __s_zyIsrDisable                         0x00000a29   Thumb Code   158  zy_if.o(.text)
    zyIsrEnable                              0x00000ac7   Thumb Code   148  zy_if.o(.text)
    zyHeapMalloc                             0x00000b5b   Thumb Code    26  zy_if.o(.text)
    zyHeapFree                               0x00000b75   Thumb Code    22  zy_if.o(.text)
    zyThreadCreate                           0x00000b8b   Thumb Code    78  zy_if.o(.text)
    zyThreadGetCurId                         0x00000bd9   Thumb Code     6  zy_if.o(.text)
    zyThreadDel                              0x00000bdf   Thumb Code    70  zy_if.o(.text)
    zyThreadSuspendSelf                      0x00000c25   Thumb Code    12  zy_if.o(.text)
    zyThreadResume                           0x00000c31   Thumb Code    20  zy_if.o(.text)
    zyThreadSuspendCheck                     0x00000c45   Thumb Code    26  zy_if.o(.text)
    zyThreadDelay                            0x00000c5f   Thumb Code    62  zy_if.o(.text)
    zySemCreate                              0x00000c9d   Thumb Code    12  zy_if.o(.text)
    zySemDel                                 0x00000ca9   Thumb Code    62  zy_if.o(.text)
    zySemAccept                              0x00000ce7   Thumb Code    12  zy_if.o(.text)
    zySemPend                                0x00000cf3   Thumb Code    88  zy_if.o(.text)
    zySemPost                                0x00000d4b   Thumb Code    56  zy_if.o(.text)
    zyMsgCreate                              0x00000d83   Thumb Code   124  zy_if.o(.text)
    zyMsgDel                                 0x00000dff   Thumb Code    42  zy_if.o(.text)
    zyMsgAccept                              0x00000e29   Thumb Code    58  zy_if.o(.text)
    zyMsgPend                                0x00000e63   Thumb Code   130  zy_if.o(.text)
    zyMsgPost                                0x00000ee5   Thumb Code   150  zy_if.o(.text)
    _sys_exit                                0x00000f7b   Thumb Code     4  rt_sys_c.o(.text)
    _ttywrch                                 0x00000f7f   Thumb Code     2  rt_sys_c.o(.text)
    _sys_open                                0x00000f81   Thumb Code     8  rt_sys_c.o(.text)
    _sys_close                               0x00000f89   Thumb Code     8  rt_sys_c.o(.text)
    _sys_read                                0x00000f91   Thumb Code    10  rt_sys_c.o(.text)
    _sys_write                               0x00000f9b   Thumb Code    10  rt_sys_c.o(.text)
    _sys_ensure                              0x00000fa5   Thumb Code     6  rt_sys_c.o(.text)
    _sys_flen                                0x00000fab   Thumb Code     8  rt_sys_c.o(.text)
    _sys_seek                                0x00000fb3   Thumb Code     8  rt_sys_c.o(.text)
    _sys_istty                               0x00000fbb   Thumb Code     8  rt_sys_c.o(.text)
    _sys_tmpnam                              0x00000fc3   Thumb Code     6  rt_sys_c.o(.text)
    _sys_command_string                      0x00000fc9   Thumb Code     6  rt_sys_c.o(.text)
    clock                                    0x00000fcf   Thumb Code     4  rt_sys_c.o(.text)
    time                                     0x00000fd3   Thumb Code    24  rt_sys_c.o(.text)
    remove                                   0x00000feb   Thumb Code     8  rt_sys_c.o(.text)
    rename                                   0x00000ff3   Thumb Code     8  rt_sys_c.o(.text)
    system                                   0x00000ffb   Thumb Code     6  rt_sys_c.o(.text)
    OSMboxAccept                             0x00001001   Thumb Code    38  os_mbox.o(.text)
    OSMboxCreate                             0x00001027   Thumb Code    64  os_mbox.o(.text)
    OSMboxDel                                0x00001067   Thumb Code   172  os_mbox.o(.text)
    OSMboxPend                               0x00001113   Thumb Code   180  os_mbox.o(.text)
    OSMboxPost                               0x000011c7   Thumb Code    80  os_mbox.o(.text)
    OSMboxPostOpt                            0x00001217   Thumb Code   108  os_mbox.o(.text)
    OSMboxQuery                              0x00001283   Thumb Code   112  os_mbox.o(.text)
    OSMemCreate                              0x00001301   Thumb Code   152  os_mem.o(.text)
    OSMemGet                                 0x00001399   Thumb Code    60  os_mem.o(.text)
    OSMemPut                                 0x000013d5   Thumb Code    58  os_mem.o(.text)
    OSMemQuery                               0x0000140f   Thumb Code    58  os_mem.o(.text)
    OS_MemInit                               0x00001449   Thumb Code    60  os_mem.o(.text)
    OSQAccept                                0x0000148d   Thumb Code    70  os_q.o(.text)
    OSQCreate                                0x000014d3   Thumb Code   128  os_q.o(.text)
    OSQDel                                   0x00001553   Thumb Code   208  os_q.o(.text)
    OSQFlush                                 0x00001623   Thumb Code    46  os_q.o(.text)
    OSQPend                                  0x00001651   Thumb Code   214  os_q.o(.text)
    OSQPost                                  0x00001727   Thumb Code   110  os_q.o(.text)
    OSQPostFront                             0x00001795   Thumb Code   112  os_q.o(.text)
    OSQPostOpt                               0x00001805   Thumb Code   172  os_q.o(.text)
    OSQQuery                                 0x000018b1   Thumb Code   156  os_q.o(.text)
    OS_QInit                                 0x0000194d   Thumb Code    38  os_q.o(.text)
    OSSemAccept                              0x0000197d   Thumb Code    44  os_sem.o(.text)
    OSSemCreate                              0x000019a9   Thumb Code    64  os_sem.o(.text)
    OSSemDel                                 0x000019e9   Thumb Code   172  os_sem.o(.text)
    OSSemPend                                0x00001a95   Thumb Code   160  os_sem.o(.text)
    OSSemPost                                0x00001b35   Thumb Code    82  os_sem.o(.text)
    OSSemQuery                               0x00001b87   Thumb Code   112  os_sem.o(.text)
    OSTaskChangePrio                         0x00001c05   Thumb Code   314  os_task.o(.text)
    OSTaskCreate                             0x00001d3f   Thumb Code   148  os_task.o(.text)
    OSTaskCreateExt                          0x00001dd3   Thumb Code   188  os_task.o(.text)
    OSTaskDel                                0x00001e8f   Thumb Code   292  os_task.o(.text)
    OSTaskDelReq                             0x00001fb3   Thumb Code   130  os_task.o(.text)
    OSTaskResume                             0x00002035   Thumb Code   118  os_task.o(.text)
    OSTaskStkChk                             0x000020ab   Thumb Code   120  os_task.o(.text)
    OSTaskSuspend                            0x00002123   Thumb Code   142  os_task.o(.text)
    OSTaskQuery                              0x000021b1   Thumb Code    68  os_task.o(.text)
    OSTimeDly                                0x00002205   Thumb Code    82  os_time.o(.text)
    OSTimeDlyHMSM                            0x00002257   Thumb Code   152  os_time.o(.text)
    OSTimeDlyResume                          0x000022ef   Thumb Code   108  os_time.o(.text)
    OSTimeGet                                0x0000235b   Thumb Code    18  os_time.o(.text)
    OSTimeSet                                0x0000236d   Thumb Code    18  os_time.o(.text)
    OS_TaskStat                              0x00002395   Thumb Code   120  os_core.o(.text)
    OS_TaskIdle                              0x0000243d   Thumb Code    30  os_core.o(.text)
    OSInit                                   0x00002551   Thumb Code    48  os_core.o(.text)
    OSIntEnter                               0x00002581   Thumb Code    28  os_core.o(.text)
    OSIntExit                                0x0000259d   Thumb Code   124  os_core.o(.text)
    OSSchedLock                              0x00002619   Thumb Code    36  os_core.o(.text)
    OS_Sched                                 0x0000263d   Thumb Code    88  os_core.o(.text)
    OSSchedUnlock                            0x00002695   Thumb Code    66  os_core.o(.text)
    OSStart                                  0x000026d7   Thumb Code    68  os_core.o(.text)
    OSStatInit                               0x0000271b   Thumb Code    52  os_core.o(.text)
    OSTimeTick                               0x0000274f   Thumb Code   234  os_core.o(.text)
    OSVersion                                0x00002839   Thumb Code     4  os_core.o(.text)
    OS_Dummy                                 0x0000283d   Thumb Code     2  os_core.o(.text)
    OS_EventTaskRdy                          0x0000283f   Thumb Code   176  os_core.o(.text)
    OS_EventTaskWait                         0x000028ef   Thumb Code   114  os_core.o(.text)
    OS_EventTO                               0x00002961   Thumb Code    72  os_core.o(.text)
    OS_EventWaitListInit                     0x000029a9   Thumb Code    40  os_core.o(.text)
    OS_TCBInit                               0x000029d1   Thumb Code   250  os_core.o(.text)
    OSFlagAccept                             0x00002aed   Thumb Code   268  os_flag.o(.text)
    OSFlagCreate                             0x00002bf9   Thumb Code    72  os_flag.o(.text)
    OS_FlagUnlink                            0x00002c41   Thumb Code    34  os_flag.o(.text)
    OSFlagDel                                0x00002cb1   Thumb Code   180  os_flag.o(.text)
    OSFlagPend                               0x00002de1   Thumb Code   532  os_flag.o(.text)
    OSFlagPost                               0x00002ff5   Thumb Code   288  os_flag.o(.text)
    OSFlagQuery                              0x00003115   Thumb Code    48  os_flag.o(.text)
    OS_FlagInit                              0x00003145   Thumb Code    42  os_flag.o(.text)
    __sysTickIsr                             0x00003179   Thumb Code    22  os_cpu_c.o(.text)
    OSStartHighRdy                           0x0000318f   Thumb Code    74  os_cpu_c.o(.text)
    OSIntCtxSw                               0x000031d9   Thumb Code    10  os_cpu_c.o(.text)
    OSTaskStkInit                            0x000031e3   Thumb Code   120  os_cpu_c.o(.text)
    usbMemCopy                               0x0000326d   Thumb Code    26  host.o(.text)
    usbMemSet                                0x00003287   Thumb Code    24  host.o(.text)
    __usbDelay1ms                            0x0000329f   Thumb Code    24  host.o(.text)
    __hcdEdInit                              0x000032b7   Thumb Code   206  host.o(.text)
    __hcdTdInit                              0x00003385   Thumb Code    36  host.o(.text)
    __hcdAllocBufferInit                     0x000033a9   Thumb Code    16  host.o(.text)
    __hcdInit                                0x000033b9   Thumb Code    16  host.o(.text)
    __hcdGetEdInfo                           0x000033c9   Thumb Code   226  host.o(.text)
    __hcdGetTdType                           0x000034ab   Thumb Code   148  host.o(.text)
    __hcdAllocTd                             0x0000353f   Thumb Code   142  host.o(.text)
    __hcdFreeTd                              0x000035cd   Thumb Code    54  host.o(.text)
    __hcdFreeAllTd                           0x00003603   Thumb Code    38  host.o(.text)
    __hcdAddTd                               0x00003629   Thumb Code   222  host.o(.text)
    __hcdGetEdPtr                            0x00003707   Thumb Code    82  host.o(.text)
    __usbGetFrameNumber                      0x00003759   Thumb Code     8  host.o(.text)
    __hcWaitNextFrame                        0x00003761   Thumb Code    30  host.o(.text)
    __usbEdSetSkipAndWaitNextFrame           0x0000377f   Thumb Code    28  host.o(.text)
    __usbEdClearSkip                         0x0000379b   Thumb Code    24  host.o(.text)
    __hcdIsEdHeadEquTail                     0x000037b3   Thumb Code    28  host.o(.text)
    __hcdEdLetHeadEquTail                    0x000037cf   Thumb Code    46  host.o(.text)
    __hcdEnableEd                            0x000037fd   Thumb Code    26  host.o(.text)
    __ohciEnableInt                          0x00003817   Thumb Code    94  host.o(.text)
    __ohciInit                               0x00003875   Thumb Code   166  host.o(.text)
    __ohciPortOpen                           0x0000391b   Thumb Code   168  host.o(.text)
    __ohciInit2                              0x000039c3   Thumb Code   206  host.o(.text)
    __ohciDisEnInt                           0x00003a91   Thumb Code     6  host.o(.text)
    __ohciDisEnIntAll                        0x00003a97   Thumb Code    10  host.o(.text)
    __hcEnableSchedule                       0x00003aa1   Thumb Code   132  host.o(.text)
    __hcDisEnSchedule                        0x00003b25   Thumb Code    94  host.o(.text)
    __hcDisEnSchedAndWaitNextFrame           0x00003b83   Thumb Code    26  host.o(.text)
    __hcStartSchedule                        0x00003b9d   Thumb Code    62  host.o(.text)
    __hcEnableAndStartSchedule               0x00003bdb   Thumb Code    24  host.o(.text)
    __ohciPortClose                          0x00003bf3   Thumb Code    48  host.o(.text)
    __ohciAffirmAttach                       0x00003c23   Thumb Code    34  host.o(.text)
    usbBusReset                              0x00003c45   Thumb Code     8  host.o(.text)
    usbBusSusp                               0x00003c4d   Thumb Code     8  host.o(.text)
    usbBusResume                             0x00003c55   Thumb Code     8  host.o(.text)
    __usbAllocCtrlBuffer                     0x00003c5d   Thumb Code    48  host.o(.text)
    __usbAllocGenBuffer                      0x00003c8d   Thumb Code    38  host.o(.text)
    __usbFreeCtrlBuffer                      0x00003cb3   Thumb Code    32  host.o(.text)
    __usbFreeGenBuffer                       0x00003cd3   Thumb Code    30  host.o(.text)
    __usbFreeAllCtrlBuffer                   0x00003cf1   Thumb Code     8  host.o(.text)
    __usbFreeAllGenBuffer                    0x00003cf9   Thumb Code    10  host.o(.text)
    __usbDoneHeadDeal                        0x00003d03   Thumb Code   154  host.o(.text)
    usbGetEpMaxPktSize                       0x00003d9d   Thumb Code    22  host.o(.text)
    usbGetEp                                 0x00003db3   Thumb Code   102  host.o(.text)
    usbPipeOpen                              0x00003e19   Thumb Code   366  host.o(.text)
    __usbCtrlTranPhase_Out                   0x00003f87   Thumb Code   122  host.o(.text)
    __usbCtrlTranPhase_In                    0x00004001   Thumb Code   298  host.o(.text)
    __usbCtrlTranPhase_Setup                 0x0000412b   Thumb Code   186  host.o(.text)
    usbStandardReqTransfer                   0x000041e5   Thumb Code   122  host.o(.text)
    usbClearFeature                          0x0000425f   Thumb Code    52  host.o(.text)
    usbSetConfiguratiton                     0x00004293   Thumb Code    68  host.o(.text)
    usbInterfaceEpConfig                     0x000042d7   Thumb Code   774  host.o(.text)
    usbGetDescription                        0x000045dd   Thumb Code    58  host.o(.text)
    __usbGetDevString                        0x00004617   Thumb Code   310  host.o(.text)
    usbSetAddress                            0x0000474d   Thumb Code    68  host.o(.text)
    __taskUsbEnum                            0x00004791   Thumb Code   508  host.o(.text)
    usbPipeClose                             0x0000498d   Thumb Code   172  host.o(.text)
    __usbConectChange                        0x00004a39   Thumb Code   202  host.o(.text)
    __taskUsbSheduler                        0x00004b03   Thumb Code   100  host.o(.text)
    __usbCreateShedTask                      0x00004b67   Thumb Code    30  host.o(.text)
    __usbHostIntInit                         0x00004b85   Thumb Code   108  host.o(.text)
    __USBHostEnable                          0x00004cff   Thumb Code    62  host.o(.text)
    __usbInitHardware                        0x00004d3d   Thumb Code    14  host.o(.text)
    __usbShedInit                            0x00004d4b   Thumb Code   108  host.o(.text)
    __usbdInit                               0x00004db7   Thumb Code    84  host.o(.text)
    usbHostInitialize                        0x00004e0b   Thumb Code    90  host.o(.text)
    usbHostDeInit                            0x00004e65   Thumb Code   314  host.o(.text)
    usbHostNotifyExitDataOpera               0x00004f9f   Thumb Code    52  host.o(.text)
    usbHostNotifyExitStdOpera                0x00004fd3   Thumb Code   158  host.o(.text)
    usbGetStatus                             0x00005071   Thumb Code    56  host.o(.text)
    usbSetFeature                            0x000050a9   Thumb Code    52  host.o(.text)
    usbSetDescription                        0x000050dd   Thumb Code     8  host.o(.text)
    usbGetConfiguratiton                     0x000050e5   Thumb Code    52  host.o(.text)
    usbGetInterface                          0x00005119   Thumb Code    54  host.o(.text)
    usbSetInterface                          0x0000514f   Thumb Code    62  host.o(.text)
    usbSunchFrame                            0x0000518d   Thumb Code     6  host.o(.text)
    usbIsDeviceReady                         0x00005193   Thumb Code    16  host.o(.text)
    usbIsDeviceAttach                        0x000051a3   Thumb Code    16  host.o(.text)
    usbGetDeviceType                         0x000051b3   Thumb Code    74  host.o(.text)
    usbGetVer                                0x000051fd   Thumb Code     4  host.o(.text)
    __usbEnumDeal                            0x00005201   Thumb Code    34  host.o(.text)
    usbDataTransfer                          0x00005223   Thumb Code   492  host.o(.text)
    usbHostException                         0x0000540f   Thumb Code   300  host.o(.text)
    __rbcInit                                0x0000553b   Thumb Code    20  host.o(.text)
    __rbcDeInit                              0x0000554f   Thumb Code    54  host.o(.text)
    __boMassStorReset                        0x00005585   Thumb Code    50  host.o(.text)
    __boSendCommand                          0x000055b7   Thumb Code   268  host.o(.text)
    rbcRequestSense                          0x000056c3   Thumb Code   252  host.o(.text)
    rbcInquiry                               0x000057bf   Thumb Code   260  host.o(.text)
    rbcReadCapacity                          0x000058c3   Thumb Code   314  host.o(.text)
    rbcStartStopUnit                         0x000059fd   Thumb Code   220  host.o(.text)
    rbcRead10                                0x00005ad9   Thumb Code   570  host.o(.text)
    rbcWrite10                               0x00005d13   Thumb Code   544  host.o(.text)
    rbcTestUintReady                         0x00005f33   Thumb Code   224  host.o(.text)
    __msHostLunInit                          0x00006013   Thumb Code   114  host.o(.text)
    __boGetMaxLun                            0x00006085   Thumb Code    54  host.o(.text)
    __boInit                                 0x000060bb   Thumb Code    38  host.o(.text)
    __msHostDeviceInit                       0x000060e1   Thumb Code   266  host.o(.text)
    msHostInit                               0x000061eb   Thumb Code    54  host.o(.text)
    __boDeInit                               0x00006221   Thumb Code    22  host.o(.text)
    msHostDeInit                             0x00006237   Thumb Code    20  host.o(.text)
    uart0Init                                0x00006255   Thumb Code    42  uart0.o(.text)
    uart0ByteSend                            0x0000627f   Thumb Code    18  uart0.o(.text)
    uart0StrSend                             0x00006291   Thumb Code    30  uart0.o(.text)
    read_flash_sector                        0x000062b9   Thumb Code    26  fat.o(.text)
    write_flash_sector                       0x000062d3   Thumb Code    26  fat.o(.text)
    write_time_stamp                         0x000063a1   Thumb Code   294  fat.o(.text)
    write_time_stamp_direct                  0x000064c7   Thumb Code   196  fat.o(.text)
    Allocate_EMPTY_CLUSTER_TO_CUR_CLUSTER_CHAIN 0x00006a11   Thumb Code  1252  fat.o(.text)
    Allocate_An_Empty_cluster                0x00006ef5   Thumb Code   834  fat.o(.text)
    get_gb2312_from_unicode                  0x00007dd7   Thumb Code    38  fat.o(.text)
    Check_FileOpened_Status                  0x00008b89   Thumb Code    92  fat.o(.text)
    Writeback_FCB_file_buffer                0x00008be5   Thumb Code  1072  fat.o(.text)
    Update_FCB_file_buffer                   0x00009015   Thumb Code   606  fat.o(.text)
    Allocate_FCB                             0x00009273   Thumb Code    94  fat.o(.text)
    Free_FCB                                 0x000092d1   Thumb Code    62  fat.o(.text)
    FAT_filesystem_initialiation             0x0000930f   Thumb Code   154  fat.o(.text)
    open_file                                0x000093a9   Thumb Code   506  fat.o(.text)
    close_file                               0x000095a3   Thumb Code    56  fat.o(.text)
    Lengthof_CHN_String                      0x00009c2b   Thumb Code    44  fat.o(.text)
    get_pos_in_table_about_unicode           0x00009c57   Thumb Code    32  fat.o(.text)
    determine_pos                            0x00009fc9   Thumb Code    68  fat.o(.text)
    create_file                              0x0000a4d1   Thumb Code   262  fat.o(.text)
    create_floder                            0x0000a5d7   Thumb Code   254  fat.o(.text)
    f_seek                                   0x0000a6d5   Thumb Code   344  fat.o(.text)
    read_file                                0x0000a82d   Thumb Code   604  fat.o(.text)
    write_file                               0x0000aa89   Thumb Code   990  fat.o(.text)
    cd_folder                                0x0000ae67   Thumb Code   550  fat.o(.text)
    delete_file                              0x0000b1fd   Thumb Code   184  fat.o(.text)
    delete_folder                            0x0000b2b5   Thumb Code   158  fat.o(.text)
    rename_file                              0x0000b353   Thumb Code   502  fat.o(.text)
    save_enum_vars                           0x0000b71b   Thumb Code   334  fat.o(.text)
    restore_enum_vars                        0x0000b869   Thumb Code   334  fat.o(.text)
    folder_enumeration                       0x0000b9b7   Thumb Code   436  fat.o(.text)
    disk_enumeration                         0x0000bb6b   Thumb Code   302  fat.o(.text)
    find_file                                0x0000bc99   Thumb Code   214  fat.o(.text)
    volume_inquiry                           0x0000bd6f   Thumb Code   480  fat.o(.text)
    get_time                                 0x0000bf61   Thumb Code    46  time.o(.text)
    OSInitHookBegin                          0x0000bf8f   Thumb Code     2  osinithookbegin.o(.text)
    OSInitHookEnd                            0x0000bf91   Thumb Code     2  osinithookend.o(.text)
    OSTaskCreateHook                         0x0000bf93   Thumb Code     4  ostaskcreatehook.o(.text)
    OSTaskDelHook                            0x0000bf97   Thumb Code     4  ostaskdelhook.o(.text)
    OSTaskIdleHook                           0x0000bf9b   Thumb Code     2  ostaskidlehook.o(.text)
    OSTaskStatHook                           0x0000bf9d   Thumb Code     2  ostaskstathook.o(.text)
    OSTaskSwHook                             0x0000bf9f   Thumb Code     2  ostaskswhook.o(.text)
    OSTCBInitHook                            0x0000bfa1   Thumb Code     4  ostcbinithook.o(.text)
    OSTimeTickHook                           0x0000bfa5   Thumb Code     2  ostimetickhook.o(.text)
    __semihosting$guard                      0x0000bfa7   Thumb Code     0  use_no_semi.o(.text)
    __use_no_semihosting_swi                 0x0000bfa7   Thumb Code     2  use_no_semi.o(.text)
    malloc                                   0x0000bfa9   Thumb Code    98  h1_alloc.o(.text)
    free                                     0x0000c00b   Thumb Code    78  h1_free.o(.text)
    __2sprintf                               0x0000c059   Thumb Code    34  noretval__2sprintf.o(.text)
    _printf_int_hex                          0x0000c081   Thumb Code    86  _printf_hex_int.o(.text)
    _printf_longlong_hex                     0x0000c081   Thumb Code     0  _printf_hex_int.o(.text)
    __printf                                 0x0000c0dd   Thumb Code   148  __printf_flags.o(.text)
    __aeabi_memcpy                           0x0000c175   Thumb Code     0  rt_memcpy_v6.o(.text)
    __rt_memcpy                              0x0000c175   Thumb Code   140  rt_memcpy_v6.o(.text)
    _memcpy_lastbytes                        0x0000c1dd   Thumb Code     0  rt_memcpy_v6.o(.text)
    __aeabi_memcpy4                          0x0000c201   Thumb Code     0  rt_memcpy_w.o(.text)
    __aeabi_memcpy8                          0x0000c201   Thumb Code     0  rt_memcpy_w.o(.text)
    __rt_memcpy_w                            0x0000c201   Thumb Code   100  rt_memcpy_w.o(.text)
    _memcpy_lastbytes_aligned                0x0000c249   Thumb Code     0  rt_memcpy_w.o(.text)
    __aeabi_memclr4                          0x0000c265   Thumb Code     0  rt_memclr_w.o(.text)
    __aeabi_memclr8                          0x0000c265   Thumb Code     0  rt_memclr_w.o(.text)
    __rt_memclr_w                            0x0000c265   Thumb Code    78  rt_memclr_w.o(.text)
    _memset_w                                0x0000c269   Thumb Code     0  rt_memclr_w.o(.text)
    mktime                                   0x0000c2eb   Thumb Code   352  mktime.o(.text)
    __rt_heap_descriptor                     0x0000c455   Thumb Code    12  rt_heap_descriptor_intlibspace.o(.text)
    __use_no_heap                            0x0000c461   Thumb Code     2  hguard.o(.text)
    __heap$guard                             0x0000c463   Thumb Code     2  hguard.o(.text)
    _terminate_user_alloc                    0x0000c465   Thumb Code     2  init_alloc.o(.text)
    _init_user_alloc                         0x0000c467   Thumb Code     2  init_alloc.o(.text)
    __Heap_Full                              0x0000c469   Thumb Code    34  init_alloc.o(.text)
    __Heap_Broken                            0x0000c48b   Thumb Code     6  init_alloc.o(.text)
    _init_alloc                              0x0000c491   Thumb Code    94  init_alloc.o(.text)
    __Heap_Initialize                        0x0000c4ef   Thumb Code    10  h1_init.o(.text)
    __Heap_DescSize                          0x0000c4f9   Thumb Code     4  h1_init.o(.text)
    _printf_int_common                       0x0000c4fd   Thumb Code   174  _printf_intcommon.o(.text)
    _printf_char_common                      0x0000c5b7   Thumb Code    34  _printf_char_common.o(.text)
    _sputc                                   0x0000c5dd   Thumb Code    10  _sputc.o(.text)
    __user_libspace                          0x0000c5e9   Thumb Code     8  libspace.o(.text)
    __user_perproc_libspace                  0x0000c5e9   Thumb Code     0  libspace.o(.text)
    __user_perthread_libspace                0x0000c5e9   Thumb Code     0  libspace.o(.text)
    __Heap_ProvideMemory                     0x0000c5f1   Thumb Code    52  h1_extend.o(.text)
    __rt_SIGRTMEM                            0x0000c625   Thumb Code    14  defsig_rtmem_outer.o(.text)
    __rt_heap_escrow                         0x0000c635   Thumb Code    20  heapauxa.o(.text)
    __rt_heap_expand                         0x0000c649   Thumb Code    46  heapauxa.o(.text)
    __user_setup_stackheap                   0x0000c681   Thumb Code    74  sys_stackheap_outer.o(.text)
    exit                                     0x0000c6cb   Thumb Code    12  exit.o(.text)
    __sig_exit                               0x0000c6d7   Thumb Code    10  defsig_exit.o(.text)
    __rt_SIGRTMEM_inner                      0x0000c6e1   Thumb Code    20  defsig_rtmem_inner.o(.text)
    __default_signal_display                 0x0000c72d   Thumb Code    50  defsig_general.o(.text)
    __user_initial_stackheap                 0x0000c761   Thumb Code     0  rt_sys_s.o(rt_sys)
    OSMapTbl                                 0x0000c768   Data           8  os_core.o(.constdata)
    OSUnMapTbl                               0x0000c770   Data         256  os_core.o(.constdata)
    gb2312_to_unicode_table                  0x0000c870   Data          16  fat.o(.constdata)
    unicode_to_gb2312_table                  0x0000c880   Data          16  fat.o(.constdata)
    _monlen                                  0x0000c8c9   Data          12  _monlen.o(.constdata)
    Region$$Table$$Base                      0x0000c8d8   Number         0  anon$$obj.o(Region$$Table)
    Region$$Table$$Limit                     0x0000c8f8   Number         0  anon$$obj.o(Region$$Table)
    OSCtxSwCtr                               0x10000000   Data           4  os_core.o(.data)
    OSEventFreeList                          0x10000004   Data           4  os_core.o(.data)
    OSFlagFreeList                           0x10000008   Data           4  os_core.o(.data)
    OSCPUUsage                               0x1000000c   Data           1  os_core.o(.data)
    OSIdleCtrMax                             0x10000010   Data           4  os_core.o(.data)
    OSIdleCtrRun                             0x10000014   Data           4  os_core.o(.data)
    OSStatRdy                                0x10000018   Data           1  os_core.o(.data)
    OSIntNesting                             0x10000019   Data           1  os_core.o(.data)
    OSIntExitY                               0x1000001a   Data           1  os_core.o(.data)
    OSLockNesting                            0x1000001b   Data           1  os_core.o(.data)
    OSPrioCur                                0x1000001c   Data           1  os_core.o(.data)
    OSPrioHighRdy                            0x1000001d   Data           1  os_core.o(.data)
    OSRdyGrp                                 0x1000001e   Data           1  os_core.o(.data)
    OSRdyTbl                                 0x1000001f   Data           8  os_core.o(.data)
    OSRunning                                0x10000027   Data           1  os_core.o(.data)
    OSTaskCtr                                0x10000028   Data           1  os_core.o(.data)
    OSIdleCtr                                0x1000002c   Data           4  os_core.o(.data)
    OSTCBCur                                 0x10000030   Data           4  os_core.o(.data)
    OSTCBFreeList                            0x10000034   Data           4  os_core.o(.data)
    OSTCBHighRdy                             0x10000038   Data           4  os_core.o(.data)
    OSTCBList                                0x1000003c   Data           4  os_core.o(.data)
    OSMemFreeList                            0x10000040   Data           4  os_core.o(.data)
    OSQFreeList                              0x10000044   Data           4  os_core.o(.data)
    OSTime                                   0x10000048   Data           4  os_core.o(.data)
    __GuiOsEnterSum                          0x1000004c   Data           4  os_cpu_c.o(.data)
    __GucUsbSpeed                            0x10000050   Data           1  host.o(.data)
    __GucUsbDevAddr                          0x10000051   Data           1  host.o(.data)
    __GucHostShedPrio                        0x10000052   Data           1  host.o(.data)
    __GucHostEnumPrio                        0x10000053   Data           1  host.o(.data)
    __GpEnumSucessCallBack                   0x10000054   Data           4  host.o(.data)
    __GpDevDisconCallBack                    0x10000058   Data           4  host.o(.data)
    __GpohciEd                               0x10000060   Data           4  host.o(.data)
    __GpohciTd                               0x10000064   Data           4  host.o(.data)
    __GsTranEndTd                            0x10000068   Data           8  host.o(.data)
    GusbOtgDescr                             0x10000078   Data           3  host.o(.data)
    __GusbHostEvtCnt                         0x1000007b   Data           2  host.o(.data)
    __GevtUsbMsgQeue                         0x10000080   Data           4  host.o(.data)
    __GevtUsbCtrlMbox                        0x10000084   Data           4  host.o(.data)
    __GevtUsbDataTranMbox                    0x10000088   Data           4  host.o(.data)
    __GevtUsbCtrlSem                         0x1000008c   Data           4  host.o(.data)
    __GevtUsbDataTranSem                     0x10000090   Data           4  host.o(.data)
    __GevtBoSem                              0x10000094   Data           4  host.o(.data)
    fat_filesystem_Mutex                     0x10000098   Data           4  fat.o(.data)
    err                                      0x1000009c   Data           1  fat.o(.data)
    disk_id                                  0x1000009d   Data           1  fat.o(.data)
    TASK0_STACK                              0x100000a4   Data        2048  main.o(.bss)
    TASK1_STACK                              0x100008a4   Data        4096  main.o(.bss)
    OSEventTbl                               0x100018a4   Data        1088  os_core.o(.bss)
    OSFlagTbl                                0x10001ce4   Data         180  os_core.o(.bss)
    OSTaskStatStk                            0x10001d98   Data        1024  os_core.o(.bss)
    OSTaskIdleStk                            0x10002198   Data        1024  os_core.o(.bss)
    OSTCBPrioTbl                             0x10002598   Data         256  os_core.o(.bss)
    OSTCBTbl                                 0x10002698   Data        1144  os_core.o(.bss)
    OSMemTbl                                 0x10002b10   Data         300  os_core.o(.bss)
    OSQTbl                                   0x10002c3c   Data         288  os_core.o(.bss)
    __GusEpMaxPktSize                        0x10002e00   Data         128  host.o(.bss)
    __GusbRAM                                0x10002f00   Data        4096  host.o(.bss)
    __GohciTdStat                            0x10003f00   Data          20  host.o(.bss)
    GusbDeviceDescr                          0x10003f14   Data          18  host.o(.bss)
    GusbConfigDescr                          0x10003f26   Data           9  host.o(.bss)
    GusbInterEpDescr                         0x10003f2f   Data         210  host.o(.bss)
    GusbHostFlags                            0x10004001   Data          10  host.o(.bss)
    __GevtUsbMsgQeueTbl                      0x1000400c   Data          64  host.o(.bss)
    __taskUsbShedulerStk                     0x1000404c   Data        2048  host.o(.bss)
    __taskUsbEnumStk                         0x1000484c   Data        2048  host.o(.bss)
    __msInfo                                 0x1000504c   Data         136  host.o(.bss)
    FCB                                      0x10005684   Data        1120  fat.o(.bss)
    __libspace_start                         0x10005ae4   Data          96  libspace.o(.bss)
    __temporary_stack_top$libspace           0x10005b44   Data           0  libspace.o(.bss)



==============================================================================

Memory Map of the image

  Image Entry point : 0x000000cd

  Load Region ROM_LOAD (Base: 0x00000000, Size: 0x0000c99c, Max: 0xffffffff, ABSOLUTE)

    Execution Region VECTOR (Base: 0x00000000, Size: 0x000000cc, Max: 0xffffffff, ABSOLUTE)

    Base Addr    Size         Type   Attr      Idx    E Section Name        Object

    0x00000000   0x000000cc   Data   RO          254    .constdata          vector_table.o


    Execution Region ROM_EXEC (Base: 0x000000cc, Size: 0x0000c82c, Max: 0xffffffff, ABSOLUTE)

    Base Addr    Size         Type   Attr      Idx    E Section Name        Object

    0x000000cc   0x00000008   Code   RO         1381  * !!!main             __main.o(c_w.l)
    0x000000d4   0x00000034   Code   RO         1588    !!!scatter          __scatter.o(c_w.l)
    0x00000108   0x0000001a   Code   RO         1590    !!handler_copy      __scatter_copy.o(c_w.l)
    0x00000122   0x00000002   PAD
    0x00000124   0x0000001c   Code   RO         1592    !!handler_zi        __scatter_zi.o(c_w.l)
    0x00000140   0x00000000   Code   RO         1372    .ARM.Collect$$_printf_percent$$00000000  _printf_percent.o(c_w.l)
    0x00000140   0x00000006   Code   RO         1371    .ARM.Collect$$_printf_percent$$0000000C  _printf_x.o(c_w.l)
    0x00000146   0x00000004   Code   RO         1418    .ARM.Collect$$_printf_percent$$00000017  _printf_percent_end.o(c_w.l)
    0x0000014a   0x00000006   Code   RO         1529    .ARM.Collect$$libinit$$00000000  libinit.o(c_w.l)
    0x00000150   0x00000008   Code   RO         1422    .ARM.Collect$$libinit$$00000001  libinit2.o(c_w.l)
    0x00000158   0x00000000   Code   RO         1424    .ARM.Collect$$libinit$$00000006  libinit2.o(c_w.l)
    0x00000158   0x00000000   Code   RO         1426    .ARM.Collect$$libinit$$00000008  libinit2.o(c_w.l)
    0x00000158   0x00000000   Code   RO         1428    .ARM.Collect$$libinit$$0000000A  libinit2.o(c_w.l)
    0x00000158   0x00000000   Code   RO         1431    .ARM.Collect$$libinit$$0000000D  libinit2.o(c_w.l)
    0x00000158   0x00000000   Code   RO         1433    .ARM.Collect$$libinit$$0000000F  libinit2.o(c_w.l)
    0x00000158   0x00000000   Code   RO         1435    .ARM.Collect$$libinit$$00000011  libinit2.o(c_w.l)
    0x00000158   0x00000000   Code   RO         1437    .ARM.Collect$$libinit$$00000013  libinit2.o(c_w.l)
    0x00000158   0x00000000   Code   RO         1439    .ARM.Collect$$libinit$$00000015  libinit2.o(c_w.l)
    0x00000158   0x00000000   Code   RO         1441    .ARM.Collect$$libinit$$00000017  libinit2.o(c_w.l)
    0x00000158   0x00000000   Code   RO         1443    .ARM.Collect$$libinit$$00000019  libinit2.o(c_w.l)
    0x00000158   0x00000000   Code   RO         1445    .ARM.Collect$$libinit$$0000001B  libinit2.o(c_w.l)
    0x00000158   0x00000000   Code   RO         1447    .ARM.Collect$$libinit$$0000001D  libinit2.o(c_w.l)
    0x00000158   0x00000000   Code   RO         1449    .ARM.Collect$$libinit$$0000001F  libinit2.o(c_w.l)
    0x00000158   0x00000000   Code   RO         1451    .ARM.Collect$$libinit$$00000021  libinit2.o(c_w.l)
    0x00000158   0x00000000   Code   RO         1455    .ARM.Collect$$libinit$$00000028  libinit2.o(c_w.l)
    0x00000158   0x00000000   Code   RO         1457    .ARM.Collect$$libinit$$0000002A  libinit2.o(c_w.l)
    0x00000158   0x00000000   Code   RO         1459    .ARM.Collect$$libinit$$0000002C  libinit2.o(c_w.l)
    0x00000158   0x00000000   Code   RO         1461    .ARM.Collect$$libinit$$0000002E  libinit2.o(c_w.l)
    0x00000158   0x00000002   Code   RO         1462    .ARM.Collect$$libinit$$0000002F  libinit2.o(c_w.l)
    0x0000015a   0x00000002   Code   RO         1585    .ARM.Collect$$libshutdown$$00000000  libshutdown.o(c_w.l)
    0x0000015c   0x00000000   Code   RO         1542    .ARM.Collect$$libshutdown$$00000003  libshutdown2.o(c_w.l)
    0x0000015c   0x00000000   Code   RO         1545    .ARM.Collect$$libshutdown$$00000006  libshutdown2.o(c_w.l)
    0x0000015c   0x00000000   Code   RO         1548    .ARM.Collect$$libshutdown$$00000009  libshutdown2.o(c_w.l)
    0x0000015c   0x00000000   Code   RO         1550    .ARM.Collect$$libshutdown$$0000000B  libshutdown2.o(c_w.l)
    0x0000015c   0x00000000   Code   RO         1553    .ARM.Collect$$libshutdown$$0000000E  libshutdown2.o(c_w.l)
    0x0000015c   0x00000002   Code   RO         1554    .ARM.Collect$$libshutdown$$0000000F  libshutdown2.o(c_w.l)
    0x0000015e   0x00000000   Code   RO         1385    .ARM.Collect$$rtentry$$00000000  rtentry.o(c_w.l)
    0x0000015e   0x00000000   Code   RO         1467    .ARM.Collect$$rtentry$$00000002  rtentry2.o(c_w.l)
    0x0000015e   0x00000006   Code   RO         1482    .ARM.Collect$$rtentry$$00000004  rtentry4.o(c_w.l)
    0x00000164   0x00000000   Code   RO         1469    .ARM.Collect$$rtentry$$00000009  rtentry2.o(c_w.l)
    0x00000164   0x00000004   Code   RO         1470    .ARM.Collect$$rtentry$$0000000A  rtentry2.o(c_w.l)
    0x00000168   0x00000000   Code   RO         1472    .ARM.Collect$$rtentry$$0000000C  rtentry2.o(c_w.l)
    0x00000168   0x00000008   Code   RO         1473    .ARM.Collect$$rtentry$$0000000D  rtentry2.o(c_w.l)
    0x00000170   0x00000000   Code   RO         1530    .ARM.Collect$$rtexit$$00000000  rtexit.o(c_w.l)
    0x00000170   0x00000000   Code   RO         1558    .ARM.Collect$$rtexit$$00000002  rtexit2.o(c_w.l)
    0x00000170   0x00000004   Code   RO         1559    .ARM.Collect$$rtexit$$00000003  rtexit2.o(c_w.l)
    0x00000174   0x00000004   Code   RO         1560    .ARM.Collect$$rtexit$$00000004  rtexit2.o(c_w.l)
    0x00000178   0x0000012a   Code   RO          626    .emb_text           os_cpu_c.o
    0x000002a2   0x00000002   PAD
    0x000002a4   0x00000000   Code   RO         1486    .emb_text           maybetermalloc1.o(c_w.l)
    0x000002a4   0x000003fc   Code   RO            1    .text               main.o
    0x000006a0   0x00000054   Code   RO          136    .text               lpc1700pincfg.o
    0x000006f4   0x00000188   Code   RO          241    .text               target.o
    0x0000087c   0x000006fe   Code   RO          266    .text               zy_if.o
    0x00000f7a   0x00000086   Code   RO          379    .text               rt_sys_c.o
    0x00001000   0x00000300   Code   RO          491    .text               os_mbox.o
    0x00001300   0x0000018c   Code   RO          519    .text               os_mem.o
    0x0000148c   0x000004f0   Code   RO          543    .text               os_q.o
    0x0000197c   0x00000288   Code   RO          555    .text               os_sem.o
    0x00001c04   0x00000600   Code   RO          567    .text               os_task.o
    0x00002204   0x00000190   Code   RO          579    .text               os_time.o
    0x00002394   0x00000758   Code   RO          591    .text               os_core.o
    0x00002aec   0x0000068c   Code   RO          611    .text               os_flag.o
    0x00003178   0x000000f4   Code   RO          627    .text               os_cpu_c.o
    0x0000326c   0x00002fe8   Code   RO          738    .text               host.o
    0x00006254   0x00000064   Code   RO          873    .text               uart0.o
    0x000062b8   0x00005ca8   Code   RO          978    .text               fat.o
    0x0000bf60   0x0000002e   Code   RO         1095    .text               time.o
    0x0000bf8e   0x00000002   Code   RO         1107    .text               osinithookbegin.o(uCOS-II hook.lib)
    0x0000bf90   0x00000002   Code   RO         1168    .text               osinithookend.o(uCOS-II hook.lib)
    0x0000bf92   0x00000004   Code   RO         1180    .text               ostaskcreatehook.o(uCOS-II hook.lib)
    0x0000bf96   0x00000004   Code   RO         1192    .text               ostaskdelhook.o(uCOS-II hook.lib)
    0x0000bf9a   0x00000002   Code   RO         1204    .text               ostaskidlehook.o(uCOS-II hook.lib)
    0x0000bf9c   0x00000002   Code   RO         1216    .text               ostaskstathook.o(uCOS-II hook.lib)
    0x0000bf9e   0x00000002   Code   RO         1228    .text               ostaskswhook.o(uCOS-II hook.lib)
    0x0000bfa0   0x00000004   Code   RO         1240    .text               ostcbinithook.o(uCOS-II hook.lib)
    0x0000bfa4   0x00000002   Code   RO         1252    .text               ostimetickhook.o(uCOS-II hook.lib)
    0x0000bfa6   0x00000002   Code   RO         1266    .text               use_no_semi.o(c_w.l)
    0x0000bfa8   0x00000062   Code   RO         1272    .text               h1_alloc.o(c_w.l)
    0x0000c00a   0x0000004e   Code   RO         1274    .text               h1_free.o(c_w.l)
    0x0000c058   0x00000028   Code   RO         1328    .text               noretval__2sprintf.o(c_w.l)
    0x0000c080   0x0000005c   Code   RO         1335    .text               _printf_hex_int.o(c_w.l)
    0x0000c0dc   0x00000098   Code   RO         1353    .text               __printf_flags.o(c_w.l)
    0x0000c174   0x0000008c   Code   RO         1373    .text               rt_memcpy_v6.o(c_w.l)
    0x0000c200   0x00000064   Code   RO         1375    .text               rt_memcpy_w.o(c_w.l)
    0x0000c264   0x0000004e   Code   RO         1377    .text               rt_memclr_w.o(c_w.l)
    0x0000c2b2   0x00000002   PAD
    0x0000c2b4   0x000001a0   Code   RO         1379    .text               mktime.o(c_w.l)
    0x0000c454   0x0000000c   Code   RO         1390    .text               rt_heap_descriptor_intlibspace.o(c_w.l)
    0x0000c460   0x00000004   Code   RO         1392    .text               hguard.o(c_w.l)
    0x0000c464   0x0000008a   Code   RO         1394    .text               init_alloc.o(c_w.l)
    0x0000c4ee   0x0000000e   Code   RO         1398    .text               h1_init.o(c_w.l)
    0x0000c4fc   0x000000ae   Code   RO         1412    .text               _printf_intcommon.o(c_w.l)
    0x0000c5aa   0x00000002   PAD
    0x0000c5ac   0x00000030   Code   RO         1414    .text               _printf_char_common.o(c_w.l)
    0x0000c5dc   0x0000000a   Code   RO         1416    .text               _sputc.o(c_w.l)
    0x0000c5e6   0x00000002   PAD
    0x0000c5e8   0x00000008   Code   RO         1463    .text               libspace.o(c_w.l)
    0x0000c5f0   0x00000034   Code   RO         1490    .text               h1_extend.o(c_w.l)
    0x0000c624   0x0000000e   Code   RO         1496    .text               defsig_rtmem_outer.o(c_w.l)
    0x0000c632   0x00000002   PAD
    0x0000c634   0x0000004c   Code   RO         1500    .text               heapauxa.o(c_w.l)
    0x0000c680   0x0000004a   Code   RO         1507    .text               sys_stackheap_outer.o(c_w.l)
    0x0000c6ca   0x0000000c   Code   RO         1513    .text               exit.o(c_w.l)
    0x0000c6d6   0x0000000a   Code   RO         1515    .text               defsig_exit.o(c_w.l)
    0x0000c6e0   0x0000004c   Code   RO         1517    .text               defsig_rtmem_inner.o(c_w.l)
    0x0000c72c   0x00000032   Code   RO         1538    .text               defsig_general.o(c_w.l)
    0x0000c75e   0x00000002   PAD
    0x0000c760   0x00000008   Code   RO          374  * rt_sys              rt_sys_s.o
    0x0000c768   0x00000108   Data   RO          593    .constdata          os_core.o
    0x0000c870   0x00000020   Data   RO          980    .constdata          fat.o
    0x0000c890   0x00000028   Data   RO         1336    .constdata          _printf_hex_int.o(c_w.l)
    0x0000c8b8   0x00000011   Data   RO         1354    .constdata          __printf_flags.o(c_w.l)
    0x0000c8c9   0x0000000c   Data   RO         1419    .constdata          _monlen.o(c_w.l)
    0x0000c8d5   0x00000003   PAD
    0x0000c8d8   0x00000020   Data   RO         1586    Region$$Table       anon$$obj.o


    Execution Region SRAM (Base: 0x10000000, Size: 0x00005b44, Max: 0xffffffff, ABSOLUTE)

    Base Addr    Size         Type   Attr      Idx    E Section Name        Object

    0x10000000   0x0000004c   Data   RW          594    .data               os_core.o
    0x1000004c   0x00000004   Data   RW          628    .data               os_cpu_c.o
    0x10000050   0x00000048   Data   RW          740    .data               host.o
    0x10000098   0x00000006   Data   RW          981    .data               fat.o
    0x1000009e   0x00000002   PAD
    0x100000a0   0x00000004   Data   RW         1501    .data               heapauxa.o(c_w.l)
    0x100000a4   0x00001800   Zero   RW            2    .bss                main.o
    0x100018a4   0x000014b8   Zero   RW          592    .bss                os_core.o
    0x10002d5c   0x000000a4   PAD
    0x10002e00   0x000022d4   Zero   RW          739    .bss                host.o
    0x100050d4   0x00000a10   Zero   RW          979    .bss                fat.o
    0x10005ae4   0x00000060   Zero   RW         1464    .bss                libspace.o(c_w.l)


    Execution Region HEAP (Base: 0x10005b44, Size: 0x00000000, Max: 0xffffffff, ABSOLUTE, UNINIT)

    Base Addr    Size         Type   Attr      Idx    E Section Name        Object

    0x10005b44   0x00000000   Zero   RW          375    Heap                rt_sys_s.o


==============================================================================

Image component sizes


      Code (inc. data)   RO Data    RW Data    ZI Data      Debug   Object Name

     23720        368         32          6       2576      46326   fat.o
     12264        446          0         72       8916      65363   host.o
        84         22          0          0          0        544   lpc1700pincfg.o
      1020        382          0          0       6144       5531   main.o
      1880        142        264         76       5304      11429   os_core.o
       542         82          0          4          0       3021   os_cpu_c.o
      1676         30          0          0          0       5334   os_flag.o
       768         14          0          0          0      10821   os_mbox.o
       396          8          0          0          0       2294   os_mem.o
      1264         26          0          0          0       4472   os_q.o
       648         14          0          0          0       2670   os_sem.o
      1536         62          0          0          0       4819   os_task.o
       400         22          0          0          0       1706   os_time.o
       134          0          0          0          0       5413   rt_sys_c.o
         8          4          0          0          0        244   rt_sys_s.o
       392         26          0          0          0        793   target.o
        46          0          0          0          0        827   time.o
       100         10          0          0          0        883   uart0.o
         0          0        204          0          0        579   vector_table.o
      1790         16          0          0          0      15998   zy_if.o

    ----------------------------------------------------------------------
     48670       1674        532        160      23104     189067   Object Totals
         0          0         32          0          0          0   (incl. Generated)
         2          0          0          2        164          1   (incl. Padding)

    ----------------------------------------------------------------------

      Code (inc. data)   RO Data    RW Data    ZI Data      Debug   Library Member Name

         8          0          0          0          0         68   __main.o
       152          4         17          0          0         84   __printf_flags.o
        52          8          0          0          0          0   __scatter.o
        26          0          0          0          0          0   __scatter_copy.o
        28          0          0          0          0          0   __scatter_zi.o
         0          0         12          0          0          0   _monlen.o
        48          4          0          0          0         96   _printf_char_common.o
        92          6         40          0          0         84   _printf_hex_int.o
       174          0          0          0          0         88   _printf_intcommon.o
         0          0          0          0          0          0   _printf_percent.o
         4          0          0          0          0          0   _printf_percent_end.o
         6          0          0          0          0          0   _printf_x.o
        10          0          0          0          0         68   _sputc.o
        10          0          0          0          0         68   defsig_exit.o
        50          0          0          0          0         84   defsig_general.o
        76         56          0          0          0         76   defsig_rtmem_inner.o
        14          0          0          0          0         80   defsig_rtmem_outer.o
        12          0          0          0          0         68   exit.o
        98          0          0          0          0         80   h1_alloc.o
        52          0          0          0          0         68   h1_extend.o
        78          0          0          0          0         80   h1_free.o
        14          0          0          0          0         84   h1_init.o
        76         10          0          4          0         92   heapauxa.o
         4          0          0          0          0        132   hguard.o
       138          0          0          0          0        160   init_alloc.o
         6          0          0          0          0          0   libinit.o
        10          0          0          0          0          0   libinit2.o
         2          0          0          0          0          0   libshutdown.o
         2          0          0          0          0          0   libshutdown2.o
         8          4          0          0         96         68   libspace.o
         0          0          0          0          0         68   maybetermalloc1.o
       416         10          0          0          0        116   mktime.o
        40          6          0          0          0         80   noretval__2sprintf.o
         2          0          0          0          0       8109   osinithookbegin.o
         2          0          0          0          0        408   osinithookend.o
         4          0          0          0          0        459   ostaskcreatehook.o
         4          0          0          0          0        444   ostaskdelhook.o
         2          0          0          0          0        413   ostaskidlehook.o
         2          0          0          0          0        413   ostaskstathook.o
         2          0          0          0          0        403   ostaskswhook.o
         4          0          0          0          0        444   ostcbinithook.o
         2          0          0          0          0        413   ostimetickhook.o
        12          6          0          0          0         68   rt_heap_descriptor_intlibspace.o
        78          0          0          0          0         76   rt_memclr_w.o
       140          0          0          0          0         68   rt_memcpy_v6.o
       100          0          0          0          0         80   rt_memcpy_w.o
         0          0          0          0          0          0   rtentry.o
        12          0          0          0          0          0   rtentry2.o
         6          0          0          0          0          0   rtentry4.o
         0          0          0          0          0          0   rtexit.o
         8          0          0          0          0          0   rtexit2.o
        74          0          0          0          0         80   sys_stackheap_outer.o
         2          0          0          0          0         68   use_no_semi.o

    ----------------------------------------------------------------------
      2174        114         72          4         96      13838   Library Totals
        12          0          3          0          0          0   (incl. Padding)

    ----------------------------------------------------------------------

      Code (inc. data)   RO Data    RW Data    ZI Data      Debug   Library Name

      2138        114         69          4         96       2332   c_w.l
        24          0          0          0          0      11506   uCOS-II hook.lib

    ----------------------------------------------------------------------
      2174        114         72          4         96      13838   Library Totals

    ----------------------------------------------------------------------

==============================================================================


      Code (inc. data)   RO Data    RW Data    ZI Data      Debug   

     50844       1788        604        164      23200     199556   Grand Totals
     50844       1788        604        164      23200     199556   ELF Image Totals
     50844       1788        604        164          0          0   ROM Totals

==============================================================================

    Total RO  Size (Code + RO Data)                51448 (  50.24kB)
    Total RW  Size (RW Data + ZI Data)             23364 (  22.82kB)
    Total ROM Size (Code + RO Data + RW Data)      51612 (  50.40kB)

==============================================================================

